INFO:example_logger:This is an info message
WARNING:example_logger:This is a warning message
ERROR:example_logger:This is an error message
CRITICAL:example_logger:This is a critical message
ERROR:example_logger:An exception occurred: division by zero
Traceback (most recent call last):
  File "C:\Users\faraz\AppData\Local\Temp\ipykernel_18104\2732291146.py", line 22, in <module>
    result = 10 / 0
             ~~~^~~
ZeroDivisionError: division by zero
INFO:example_logger:User John Doe logged in
INFO:custom_logger:Custom log message
INFO:example_logger:This message will be handled by the custom handler
